core_cm4.h:1688:22:__NVIC_EnableIRQ	16	static
core_cm4.h:1816:22:__NVIC_SetPriority	16	static
core_cm4.h:2022:26:SysTick_Config	16	static
main.c:19:6:SysTick_Handler	4	static
main.c:25:6:delay_ms	16	static
main.c:31:6:show	32	static
main.c:48:6:button_init	4	static
main.c:67:6:ADC_IRQHandler	4	static
main.c:91:6:analog_init	8	static
main.c:128:10:analog_read	4	static
main.c:135:10:filter	32	static
main.c:158:10:getVrefVoltage	16	static
main.c:166:9:getCoreTemperature	32	static
main.c:181:5:main	8	static
